2026-10-04 22:32:19 | [INFO   ] | Приложение запущено
2026-10-04 22:32:19 | [INFO   ] | Входные данные: A=3, B=4, C=5
2026-10-04 22:32:19 | [INFO   ] | Тип треугольника: разносторонний
2026-10-04 22:32:19 | [INFO   ] | Координаты вершин: [(5, 5), (95, 5), (63, 48)]
2026-10-04 22:34:44 | [INFO   ] | Приложение запущено
2026-10-04 22:34:51 | [INFO   ] | Входные данные: A=1, B=2, C=3
2026-10-04 22:34:51 | [INFO   ] | Тип треугольника: не треугольник
2026-10-04 22:34:51 | [WARNING] | Треугольник не существует, координаты сброшены в (-1, -1)
2026-10-04 22:43:36 | [INFO   ] | Приложение запущено
2026-10-04 22:43:42 | [INFO   ] | Входные данные: A=3, B=3, C=3
2026-10-04 22:43:42 | [INFO   ] | Тип треугольника: равносторонний
2026-10-04 22:43:42 | [INFO   ] | Координаты вершин: [(5, 5), (95, 5), (50, 83)]
2026-10-04 22:43:53 | [INFO   ] | Приложение запущено
2026-10-04 22:44:04 | [INFO   ] | Входные данные: A=3, B=3, C=5
2026-10-04 22:44:04 | [INFO   ] | Тип треугольника: равнобедренный
2026-10-04 22:44:04 | [INFO   ] | Координаты вершин: [(5, 5), (95, 5), (50, 35)]
2026-10-04 22:44:18 | [INFO   ] | Приложение запущено
2026-10-04 22:44:21 | [INFO   ] | Входные данные: A=3, B=4, C=5
2026-10-04 22:44:21 | [INFO   ] | Тип треугольника: разносторонний
2026-10-04 22:44:21 | [INFO   ] | Координаты вершин: [(5, 5), (95, 5), (63, 48)]
2026-10-04 22:44:39 | [INFO   ] | Приложение запущено
2026-10-04 22:44:49 | [INFO   ] | Входные данные: A=abc, B=m, C=4
2026-10-04 22:44:49 | [ERROR  ] | Ошибка: входные данные нечисловые или не положительные
2026-10-04 22:45:13 | [INFO   ] | Приложение запущено
2026-10-04 22:45:17 | [INFO   ] | Входные данные: A=-3, B=7, C=8
2026-10-04 22:45:17 | [ERROR  ] | Ошибка: входные данные нечисловые или не положительные
